// Jest Snapshot v1, https://goo.gl/fbAQLP

exports[`renders correctly 1`] = `
<div
  className="analog-root"
>
  <div
    className="analog-clock"
  >
    <div
      className="inner"
    >
      <div
        className="hand second"
        style={
          Object {
            "transform": "rotate(330deg) translate(-50%, -50%)",
          }
        }
      />
      <div
        className="hand minute"
        style={
          Object {
            "transform": "rotate(305.5deg) translate(-50%, -50%)",
          }
        }
      />
      <div
        className="hand hour"
        style={
          Object {
            "transform": "rotate(325deg) translate(-50%, -50%)",
          }
        }
      />
      <div
        className="graduations"
      >
        <div
          className="graduation"
        />
        <div
          className="graduation"
        />
        <div
          className="graduation"
        />
        <div
          className="graduation"
        />
        <div
          className="graduation"
        />
        <div
          className="graduation"
        />
        <div
          className="graduation"
        />
        <div
          className="graduation"
        />
        <div
          className="graduation"
        />
        <div
          className="graduation"
        />
        <div
          className="graduation"
        />
        <div
          className="graduation"
        />
        <div
          className="graduation"
        />
        <div
          className="graduation"
        />
        <div
          className="graduation"
        />
        <div
          className="graduation"
        />
        <div
          className="graduation"
        />
        <div
          className="graduation"
        />
        <div
          className="graduation"
        />
        <div
          className="graduation"
        />
        <div
          className="graduation"
        />
        <div
          className="graduation"
        />
        <div
          className="graduation"
        />
        <div
          className="graduation"
        />
        <div
          className="graduation"
        />
        <div
          className="graduation"
        />
        <div
          className="graduation"
        />
        <div
          className="graduation"
        />
        <div
          className="graduation"
        />
        <div
          className="graduation"
        />
        <div
          className="graduation"
        />
        <div
          className="graduation"
        />
        <div
          className="graduation"
        />
        <div
          className="graduation"
        />
        <div
          className="graduation"
        />
        <div
          className="graduation"
        />
        <div
          className="graduation"
        />
        <div
          className="graduation"
        />
        <div
          className="graduation"
        />
        <div
          className="graduation"
        />
        <div
          className="graduation"
        />
        <div
          className="graduation"
        />
        <div
          className="graduation"
        />
        <div
          className="graduation"
        />
        <div
          className="graduation"
        />
        <div
          className="graduation"
        />
        <div
          className="graduation"
        />
        <div
          className="graduation"
        />
        <div
          className="graduation"
        />
        <div
          className="graduation"
        />
        <div
          className="graduation"
        />
        <div
          className="graduation"
        />
        <div
          className="graduation"
        />
        <div
          className="graduation"
        />
        <div
          className="graduation"
        />
        <div
          className="graduation"
        />
        <div
          className="graduation"
        />
        <div
          className="graduation"
        />
        <div
          className="graduation"
        />
        <div
          className="graduation"
        />
      </div>
    </div>
    <div
      className="clock-setting"
    >
      <i
        aria-hidden="true"
        className="fa fa-cog"
        onClick={[Function]}
      />
    </div>
  </div>
</div>
`;
